// Vitest Snapshot v1, https://vitest.dev/guide/snapshot.html

exports[`Vue3BbResize > classes > should have "hide class by default" 1`] = `
[
  "bb-resize__pane__splitter",
  "hide",
]
`;

exports[`Vue3BbResize > events > drag > should emit "drag:start -> drag:move -> drag:end" with {x, y, dir} 1`] = `
[
  {
    "dir": "r",
    "x": 1,
    "y": 1,
  },
  {
    "dir": "r",
    "x": 2,
    "y": 2,
  },
  {
    "dir": "r",
    "x": 3,
    "y": 3,
  },
]
`;

exports[`Vue3BbResize > events > focus > should emit "focus" with state (false) 1`] = `false`;

exports[`Vue3BbResize > events > focus > should emit "focus" with state (true) 1`] = `true`;

exports[`Vue3BbResize > styles > active > custom styles > custom cursor style should be "ew-resize" (--b) 1`] = `"cursor: ew-resize;"`;

exports[`Vue3BbResize > styles > active > custom styles > custom cursor style should be "ew-resize" (--l) 1`] = `"cursor: ew-resize;"`;

exports[`Vue3BbResize > styles > active > custom styles > custom cursor style should be "ew-resize" (--r) 1`] = `"cursor: ew-resize;"`;

exports[`Vue3BbResize > styles > active > custom styles > custom cursor style should be "ew-resize" (--t) 1`] = `"cursor: ew-resize;"`;

exports[`Vue3BbResize > styles > active > default styles > default cursor style should be "col-resize" (--h) 1`] = `"cursor: col-resize;"`;

exports[`Vue3BbResize > styles > active > default styles > default cursor style should be "col-resize" (--l) 1`] = `"cursor: col-resize;"`;

exports[`Vue3BbResize > styles > active > default styles > default cursor style should be "col-resize" (--r) 1`] = `"cursor: col-resize;"`;

exports[`Vue3BbResize > styles > active > default styles > default cursor style should be "row-resize" (--b) 1`] = `"cursor: row-resize;"`;

exports[`Vue3BbResize > styles > active > default styles > default cursor style should be "row-resize" (--t) 1`] = `"cursor: row-resize;"`;

exports[`Vue3BbResize > styles > active > default styles > default cursor style should be "row-resize" (--v) 1`] = `"cursor: row-resize;"`;

exports[`Vue3BbResize > styles > default cursor style should be "auto" 1`] = `"cursor: auto;"`;
